// Jest Snapshot v1, https://goo.gl/fbAQLP

exports[`Context 1`] = `
<div>
  <div>
    <div>
      <h1>
        Hello World
      </h1>
    </div>
    <div>
      /blog/hello-world
    </div>
    <div>
      /blog/[post]
    </div>
  </div>
</div>
`;
