// Jest Snapshot v1, https://goo.gl/fbAQLP

exports[`usePrismic 1`] = `
<div>
  <div>
    <h1>
      Hello World
    </h1>
  </div>
  <div>
    /test
  </div>
</div>
`;
